﻿[dotenv@17.3.1] injecting env (3) from .env -- tip: ΓÜÖ∩╕Å  write to custom object with { processEnv: myObject }
=== STARTING COMPLETE SYSTEM TEST: BACKEND -> AI -> FRONTEND ===

[Test] Question: Will the onchain DSCR of Atlas Credit Vault fall below 1.1x during the current quarterly monitoring period ending 2026-06-30?

[1/3] Querying MiniMax AI Oracle...
[Mock HTTP] Calling https://api.minimax.io/anthropic/v1/messages
[MiniMax RAW]: {"id":"05f94b15a2f7ec54ad5cbeb91297acf8","type":"message","role":"assistant","model":"MiniMax-M2.5","content":[{"thinking":"The user is asking me to determine whether the onchain DSCR (Debt Service Coverage Ratio) of Atlas Credit Vault will fall below 1.1x during a quarterly monitoring period ending 2026-06-30.\n\nLet me analyze this:\n\n1. This is asking about a FUTURE event - \"will fall below\" during a period ending 2026-06-30\n2. The current date context isn't explicitly stated, but based on the monitoring period ending 2026-06-30, this appears to be asking about a future projection or prediction\n3. As an Oracle, I need to resolve whether this event HAS occurred or WILL occur based on available data\n\nKey issues:\n- This is asking about a FUTURE event (June 2026) from a current perspective\n- There's no specific credit event described - it's a projection question\n- I have no data about Atlas Credit Vault, its current DSCR, or any underlying loans\n- The question asks about something that would happen during a future period\n\nAs a resolution oracle, I should:\n- Only respond to what I can verify from official sources\n- If there's no verifiable evidence that the DSCR has fallen below 1.1x, I should respond with \"NO\"\n- The question is forward-looking and asks about a future monitoring period\n\nHowever, let me reconsider - the question might be asking me to determine if the DSCR has fallen below 1.1x during the current period. But the period ends in 2026, which is in the future.\n\nGiven:\n1. I have no information about Atlas Credit Vault\n2. I have no current DSCR data\n3. The question asks about a future period (ending 2026)\n4. There's no verifiable credit event that has occurred\n\nAccording to my rules:\n- \"NO\" = The borrower is performing, or no official default notification has been issued\n- If evidence is ambiguous, weight towards \"NO\" with low confidence\n\nSince this is asking about a future event and I have no data about the current state, I should respond with \"NO\" indicating that based on no evidence of a default or DSCR breach, the answer is no - the event hasn't occurred yet (and I can't predict future events).\n\n\nI'll verify the precise output format to ensure compliance with the required response structure.","signature":"b8db82b6a2018d19ef9e56ed03a6cf60678563c79f8e7770ab71594cca8d2ffe","type":"thinking"},{"text":"{\"result\":\"NO\",\"confidence\":0}","type":"text"}],"usage":{"input_tokens":332,"output_tokens":485},"stop_reason":"end_turn","base_resp":{"status_code":0,"status_msg":""}}
[Runtime LOG]: [MiniMax] Resposta bruta: {"id":"05f94b15a2f7ec54ad5cbeb91297acf8","type":"message","role":"assistant","model":"MiniMax-M2.5","content":[{"thinking":"The user is asking me to determine whether the onchain DSCR (Debt Service Coverage Ratio) of Atlas Credit Vault will fall below 1.1x during a quarterly monitoring period ending 2026-06-30.\n\nLet me analyze this:\n\n1. This is asking about a FUTURE event - \"will fall below\" during a period ending 2026-06-30\n2. The current date context isn't explicitly stated, but based on the monitoring period ending 2026-06-30, this appears to be asking about a future projection or prediction\n3. As an Oracle, I need to resolve whether this event HAS occurred or WILL occur based on available data\n\nKey issues:\n- This is asking about a FUTURE event (June 2026) from a current perspective\n- There's no specific credit event described - it's a projection question\n- I have no data about Atlas Credit Vault, its current DSCR, or any underlying loans\n- The question asks about something that would happen during a future period\n\nAs a resolution oracle, I should:\n- Only respond to what I can verify from official sources\n- If there's no verifiable evidence that the DSCR has fallen below 1.1x, I should respond with \"NO\"\n- The question is forward-looking and asks about a future monitoring period\n\nHowever, let me reconsider - the question might be asking me to determine if the DSCR has fallen below 1.1x during the current period. But the period ends in 2026, which is in the future.\n\nGiven:\n1. I have no information about Atlas Credit Vault\n2. I have no current DSCR data\n3. The question asks about a future period (ending 2026)\n4. There's no verifiable credit event that has occurred\n\nAccording to my rules:\n- \"NO\" = The borrower is performing, or no official default notification has been issued\n- If evidence is ambiguous, weight towards \"NO\" with low confidence\n\nSince this is asking about a future event and I have no data about the current state, I should respond with \"NO\" indicating that based on no evidence of a default or DSCR breach, the answer is no - the event hasn't occurred yet (and I can't predict future events).\n\n\nI'll verify the precise output format to ensure compliance with the required response structure.","signature":"b8db82b6a2018d19ef9e56ed03a6cf60678563c79f8e7770ab71594cca8d2ffe","type":"thinking"},{"text":"{\"result\":\"NO\",\"confidence\":0}","type":"text"}],"usage":{"input_tokens":332,"output_tokens":485},"stop_reason":"end_turn","base_resp":{"status_code":0,"status_msg":""}}
[MiniMax] Final Response Body: |{"result":"NO","confidence":0}|
[Validator] Parsed Decision: Result=NO, Confidence=0

[2/3] Sending result to Dashboard Webhook...
[Test] Payload: {
  "marketId": "TEST-001",
  "question": "Will the onchain DSCR of Atlas Credit Vault fall below 1.1x during the current quarterly monitoring period ending 2026-06-30?",
  "result": "NO",
  "confidence": 0,
  "txHash": "0x000000000000000000000000000000000000000000000000000f5de6f794de53"
}
[Dashboard] Success: Data accepted by the API.

[3/3] Verification complete.
You can now open http://localhost:3000/markets to see the live update!
