[dotenv@17.3.1] injecting env (3) from .env -- tip: ΓÜÖ∩╕Å  load multiple .env files with { path: ['.env.local', '.env'] }
=== STARTING COMPLETE SYSTEM TEST: BACKEND -> AI -> FRONTEND ===

[Test] Question: Will the onchain DSCR of Atlas Credit Vault fall below 1.1x during the current quarterly monitoring period ending 2026-06-30?

[1/3] Querying MiniMax AI Oracle...
[Mock HTTP] Calling https://api.minimax.io/anthropic/v1/messages
[MiniMax RAW]: {"id":"05f9583cdc4d61e98f6b7ef59e7477a6","type":"message","role":"assistant","model":"MiniMax-M2.5","content":[{"thinking":"The user is asking me to resolve a credit-related claim about whether the onchain DSCR (Debt Service Coverage Ratio) of Atlas Credit Vault will fall below 1.1x during a quarterly monitoring period ending 2026-06-30.\n\nLet me analyze this:\n\n1. This is a FUTURE-looking question about whether DSCR will fall below a certain threshold\n2. The current date appears to be sometime before 2026-06-30\n3. I need to determine if there's evidence that this WILL happen\n\nAs a credit oracle, I need to:\n- Look for verified reports, trustee notifications, or official governance data\n- Focus on credit events, payment delays, covenant breaches\n- Ignore market sentiment or rumors\n\nThe key issue here is that this is asking about a FUTURE event (will fall below 1.1x). This is different from asking about a past or current default. \n\nFor a forward-looking question about whether something WILL happen:\n- I need current/recent data about the vault's performance\n- I need to assess if there's evidence the DSCR is trending toward or expected to fall below 1.1x\n\nHowever, I don't have any specific data about:\n- The current DSCR of Atlas Credit Vault\n- Any underlying loan performance\n- Any collateral performance\n- Any official communications about the vault\n\nWithout verified data about the current state or performance of Atlas Credit Vault, I cannot confidently say that the DSCR WILL fall below 1.1x. \n\nAccording to my instructions:\n- \"YES\" = The credit event or default explicitly described in the question has occurred\n- \"NO\" = The borrower is performing, or no official default notification has been issued\n- If evidence is ambiguous, weight towards \"NO\" with low confidence\n\nSince this is asking about a FUTURE event and I have no data about whether it will occur, I should respond with \"NO\" (the event has not occurred yet, and there's no verified evidence it will occur). However, my confidence should be low because this is inherently uncertain and forward-looking.\n\n\nI'll return a response indicating no definitive evidence exists for the future credit event.","signature":"d01c44f053a07215a1f8a3272b1194405f3286994de1105f7720804b6be83198","type":"thinking"},{"text":"{\"result\":\"NO\",\"confidence\":2500}","type":"text"}],"usage":{"input_tokens":332,"output_tokens":449},"stop_reason":"end_turn","base_resp":{"status_code":0,"status_msg":""}}
[Runtime LOG]: [MiniMax] Resposta bruta: {"id":"05f9583cdc4d61e98f6b7ef59e7477a6","type":"message","role":"assistant","model":"MiniMax-M2.5","content":[{"thinking":"The user is asking me to resolve a credit-related claim about whether the onchain DSCR (Debt Service Coverage Ratio) of Atlas Credit Vault will fall below 1.1x during a quarterly monitoring period ending 2026-06-30.\n\nLet me analyze this:\n\n1. This is a FUTURE-looking question about whether DSCR will fall below a certain threshold\n2. The current date appears to be sometime before 2026-06-30\n3. I need to determine if there's evidence that this WILL happen\n\nAs a credit oracle, I need to:\n- Look for verified reports, trustee notifications, or official governance data\n- Focus on credit events, payment delays, covenant breaches\n- Ignore market sentiment or rumors\n\nThe key issue here is that this is asking about a FUTURE event (will fall below 1.1x). This is different from asking about a past or current default. \n\nFor a forward-looking question about whether something WILL happen:\n- I need current/recent data about the vault's performance\n- I need to assess if there's evidence the DSCR is trending toward or expected to fall below 1.1x\n\nHowever, I don't have any specific data about:\n- The current DSCR of Atlas Credit Vault\n- Any underlying loan performance\n- Any collateral performance\n- Any official communications about the vault\n\nWithout verified data about the current state or performance of Atlas Credit Vault, I cannot confidently say that the DSCR WILL fall below 1.1x. \n\nAccording to my instructions:\n- \"YES\" = The credit event or default explicitly described in the question has occurred\n- \"NO\" = The borrower is performing, or no official default notification has been issued\n- If evidence is ambiguous, weight towards \"NO\" with low confidence\n\nSince this is asking about a FUTURE event and I have no data about whether it will occur, I should respond with \"NO\" (the event has not occurred yet, and there's no verified evidence it will occur). However, my confidence should be low because this is inherently uncertain and forward-looking.\n\n\nI'll return a response indicating no definitive evidence exists for the future credit event.","signature":"d01c44f053a07215a1f8a3272b1194405f3286994de1105f7720804b6be83198","type":"thinking"},{"text":"{\"result\":\"NO\",\"confidence\":2500}","type":"text"}],"usage":{"input_tokens":332,"output_tokens":449},"stop_reason":"end_turn","base_resp":{"status_code":0,"status_msg":""}}
[MiniMax] Final Response Body: |{"result":"NO","confidence":2500}|
[Validator] Parsed Decision: Result=NO, Confidence=2500

[2/3] Sending result to Dashboard Webhook...
[Test] Payload: {
  "marketId": "TEST-001",
  "question": "Will the onchain DSCR of Atlas Credit Vault fall below 1.1x during the current quarterly monitoring period ending 2026-06-30?",
  "result": "NO",
  "confidence": 2500,
  "txHash": "0x0000000000000000000000000000000000000000000000000079f8433a34ab88",
  "simulated": true
}
[Dashboard] Success: Data accepted by the API.

[3/3] Verification complete.
You can now open http://localhost:3000/markets to see the live update!
